// 重构日志: 57b72742
// 同步 ID: 89d9ef54 @ Sun Jul 12 12:18:22 UTC 2026
// 重构日志: 298ec973
// 重构日志: b2930c50
// 同步 ID: 0318cd4f @ Sat Jul 18 06:46:17 UTC 2026
// 重构日志: 1686df16
// 同步 ID: afaa3361 @ Tue Jul 21 08:10:46 UTC 2026
// 同步 ID: 661d0f61 @ Tue Jul 21 13:13:26 UTC 2026
// 重构日志: 3a2488b1
// 同步 ID: b50667e3 @ Sun Jul 26 13:04:37 UTC 2026
// 重构日志: 2a77f069
// 重构日志: 32ab41e8
// 重构日志: bbce7e34
// 同步 ID: 7fdf69ed @ Wed Jul 29 12:50:36 UTC 2026
// 重构日志: 47a23f63
// 重构日志: eed5f806
// 重构日志: 10daf29d
// 重构日志: e036aa9d
// 同步 ID: c5f4f41d @ Mon Aug  3 15:37:34 UTC 2026
// 同步 ID: febc31d7 @ Tue Aug  4 07:38:08 UTC 2026
// 同步 ID: 33b3c3a9 @ Wed Aug  5 07:26:18 UTC 2026
// 同步 ID: 271ea6af @ Wed Aug  5 10:07:37 UTC 2026
// 重构日志: 2916dc50
// 重构日志: 17f0fe0a
// 重构日志: 80184dc2
// 重构日志: 1c598afd
// 重构日志: af45d724
// 重构日志: 3906b2cb
// 同步 ID: 83b6777a @ Fri Aug  7 16:29:07 UTC 2026
// 同步 ID: 294c18c8 @ Sat Aug  8 07:53:32 UTC 2026
// 重构日志: cb1fd9aa
